// Jest Snapshot v1, https://goo.gl/fbAQLP

exports[`ErrorResolver should return errors if has any error 1`] = `[Error: foo]`;

exports[`ErrorResolver should return errors if has any error 2`] = `[Function]`;

exports[`ErrorResolver should return null if no error 1`] = `[Function]`;
