// Jest Snapshot v1, https://goo.gl/fbAQLP

exports[`authen-link should link to current user. 1`] = `
Object {
  "email": "foo@bar.com",
  "emailVerified": true,
  "facebook": Provider {
    "id": 123456,
    "profile": Object {
      "id": 123456,
    },
    "token": "VALID_TOKEN",
  },
}
`;

exports[`authen-link should unlink from current user. 1`] = `
Object {
  "_id": "592c0bb4484d740e0e73798b",
  "email": "foo@bar.com",
}
`;
